// Jest Snapshot v1, https://goo.gl/fbAQLP

exports[`getData should convert map to JSON 1`] = `
"x,y
18.71230688,11034.12
13.61320583,16340.26
17.58212046,25200.85
0.33767329,503.22
11.34590321,7029.99
65.25484819,38744.4
"
`;
